// Jest Snapshot v1, https://goo.gl/fbAQLP

exports[`Item component should be render correctly 1`] = `
<item
  todo={
    Object {
      "complited": false,
      "created": 1483232461001,
      "id": 3,
      "title": "test",
    }
  }
/>
`;
